commit 5865ec6c2d324db5bc85cb2d6db1374c4ced6f5b
Author: mihirmithani <mihirmithani123@gmail.com>
Date:   Mon Jul 13 16:08:31 2026 +0530

    Utility Files

commit 58902b5403e996409def7bb473f7329c38141629
Author: mihirmithani <mihirmithani123@gmail.com>
Date:   Mon Jul 13 16:08:05 2026 +0530

    Assignment

commit d2c6f91e4105bb25375268c82843ebff95d3dcdc
Author: mihirmithani <mihirmithani123@gmail.com>
Date:   Mon Jul 13 16:08:03 2026 +0530

    Assignment

commit fbf3db58c70659d9e5805a30e0e9109844faaaed
Author: mihirmithani <mihirmithani123@gmail.com>
Date:   Mon Jul 13 16:08:01 2026 +0530

    Assignment

commit 9d899b1aebb8ed37b5f9bb0cf98cff631ee735c8
Author: mihirmithani <mihirmithani123@gmail.com>
Date:   Mon Jul 13 16:07:59 2026 +0530

    Assignment

commit 001a5184339dd3e9454f7566c75803e5b6f40d07
Author: mihirmithani <mihirmithani123@gmail.com>
Date:   Mon Jul 13 16:07:57 2026 +0530

    Assignment

commit 772294ba5f9e54c3418ed5a3ef84512c87c3c2ec
Author: mihirmithani <mihirmithani123@gmail.com>
Date:   Mon Jul 13 16:07:55 2026 +0530

    Assignment

commit 37ac40a709e81870711a6c25e6339c17adc5d96d
Author: mihirmithani <mihirmithani123@gmail.com>
Date:   Mon Jul 13 16:07:53 2026 +0530

    Assignment

commit 4dd1eca2f342893e9d9c6df4c183a43f21c619e6
Author: mihirmithani <mihirmithani123@gmail.com>
Date:   Mon Jul 13 16:07:51 2026 +0530

    Assignment

commit e721a9499ebd540ea98435fb06b88d8e66f963d2
Author: mihirmithani <mihirmithani123@gmail.com>
Date:   Mon Jul 13 16:07:49 2026 +0530

    Assignment

commit b288e1b48d61a1afd4961d4b26e5a8633f78ffd2
Author: mihirmithani <mihirmithani123@gmail.com>
Date:   Mon Jul 13 16:07:47 2026 +0530

    Assignment

commit 266382388b749234858f6ee8f2697d9a580ef8fa
Author: mihirmithani <mihirmithani123@gmail.com>
Date:   Fri Jul 10 18:02:44 2026 +0530

    Assignment

commit 39eccf8fe83b1b8dbf7a381da7913f0558f4dbde
Author: mihirmithani <mihirmithani123@gmail.com>
Date:   Fri Jul 10 18:02:42 2026 +0530

    Assignment

commit 5b3d4140c3942785ff1e342fc6db95ee8e658057
Author: mihirmithani <mihirmithani123@gmail.com>
Date:   Fri Jul 10 18:02:40 2026 +0530

    Assignment

commit bfdd34c0637f0ba398c4ed847f178f9fb5021a55
Author: mihirmithani <mihirmithani123@gmail.com>
Date:   Fri Jul 10 18:02:38 2026 +0530

    Assignment

commit 21e5f115150eebf95bf1fa11202165069b578c1e
Author: mihirmithani <mihirmithani123@gmail.com>
Date:   Fri Jul 10 18:02:36 2026 +0530

    Assignment

commit 65a0e8b1057c5614b1346bdf56f548d3f8a7cf7f
Author: mihirmithani <mihirmithani123@gmail.com>
Date:   Fri Jul 10 18:02:34 2026 +0530

    Assignment

commit e3057352776b9198d55becf47f18ae92d09d08b3
Author: mihirmithani <mihirmithani123@gmail.com>
Date:   Fri Jul 10 18:02:32 2026 +0530

    Assignment

commit e051d3b86cc019f6395c5631643610f18ee6653e
Author: mihirmithani <mihirmithani123@gmail.com>
Date:   Fri Jul 10 18:02:30 2026 +0530

    Assignment

commit 7937e0faf5579cc000a47b6a7ca4a9f1aa53723e
Author: mihirmithani <mihirmithani123@gmail.com>
Date:   Fri Jul 10 18:02:28 2026 +0530

    Assignment

commit a71355a2b7bc17889615955bb9c096f6b4971bef
Author: mihirmithani <mihirmithani123@gmail.com>
Date:   Fri Jul 10 18:02:26 2026 +0530

    Assignment

commit 99a6195b71c328a651a96475615f469410f42b49
Author: mihirmithani <mihirmithani123@gmail.com>
Date:   Fri Jul 10 18:02:24 2026 +0530

    Assignment

commit a1234c7743205c636424e805d24220aa83e3328e
Author: mihirmithani <mihirmithani123@gmail.com>
Date:   Fri Jul 10 11:14:41 2026 +0530

    Update git log files

commit 26f7ce72269218512354441e581da2cd57755ea7
Author: mihirmithani <mihirmithani123@gmail.com>
Date:   Thu Jul 9 10:10:43 2026 +0530

    Continue

commit 87cfb7bd3a6252e29064355a010be63816fcafd9
Author: mihirmithani <mihirmithani123@gmail.com>
Date:   Thu Jul 9 10:10:15 2026 +0530

    Break

commit bbd9adeb50ab20c2d9da1c667703a243747a9b81
Author: mihirmithani <mihirmithani123@gmail.com>
Date:   Thu Jul 9 10:09:49 2026 +0530

    Shifting of arguments

commit 1a77ff7d3a09da71835f347c1bed720ec415aca4
Author: mihirmithani <mihirmithani123@gmail.com>
Date:   Thu Jul 9 10:09:14 2026 +0530

    log

commit aa849addefb50bf65d390930a29e22f1b9b2c7c9
Author: mihirmithani <mihirmithani123@gmail.com>
Date:   Wed Jul 8 13:34:51 2026 +0530

    Update

commit bab4af687211c7a83cbfec247f3bca1f3d6ff297
Author: mihirmithani <mihirmithani123@gmail.com>
Date:   Wed Jul 8 13:34:29 2026 +0530

    Assignment

commit 291f0a7a4a6f4aaab40f49154372ea5516b8624f
Author: mihirmithani <mihirmithani123@gmail.com>
Date:   Wed Jul 8 13:34:27 2026 +0530

    Assignment

commit fd91013495117fce328d5e140a2b23d539f06de7
Author: mihirmithani <mihirmithani123@gmail.com>
Date:   Wed Jul 8 13:34:25 2026 +0530

    Assignment

commit c73a5c8340711e16e940b9eb1394018a83843684
Author: mihirmithani <mihirmithani123@gmail.com>
Date:   Wed Jul 8 13:34:23 2026 +0530

    Assignment

commit de6e9538aaf15a84d8cba9200f00c5702dd663df
Author: mihirmithani <mihirmithani123@gmail.com>
Date:   Wed Jul 8 13:34:22 2026 +0530

    Assignment

commit 6e4f76d95de4b4f70892df8c1bfcd6436d268f14
Author: mihirmithani <mihirmithani123@gmail.com>
Date:   Wed Jul 8 13:34:20 2026 +0530

    Assignment

commit 0bb329a1eb653932ce22fe78f6aee1c521c172f7
Author: mihirmithani <mihirmithani123@gmail.com>
Date:   Wed Jul 8 13:34:18 2026 +0530

    Assignment

commit c8b5aae8805ea3befd0f851bbad161919c90b06e
Author: mihirmithani <mihirmithani123@gmail.com>
Date:   Wed Jul 8 13:34:16 2026 +0530

    Assignment

commit 6a68335753504b8d827fe84a80e15a35255571e9
Author: mihirmithani <mihirmithani123@gmail.com>
Date:   Wed Jul 8 13:34:14 2026 +0530

    Assignment

commit fa4f152269dfa4edfd1290d8a0be320c93328cc0
Author: mihirmithani <mihirmithani123@gmail.com>
Date:   Wed Jul 8 13:34:12 2026 +0530

    Assignment

commit 8c2d45d8041251b92a1f506a31a7ddb0e8a87be4
Author: mihirmithani <mihirmithani123@gmail.com>
Date:   Wed Jul 8 13:34:10 2026 +0530

    Assignment

commit bdc1c5538f1004a9e5d246af550b280da7957ebd
Author: mihirmithani <mihirmithani123@gmail.com>
Date:   Wed Jul 8 13:34:08 2026 +0530

    Assignment

commit a98b87811204c77d2f86b829490425cbd75808fd
Author: mihirmithani <mihirmithani123@gmail.com>
Date:   Wed Jul 8 13:34:07 2026 +0530

    Assignment

commit bd7992f968d6319cfa30ea29591103f41f4eb812
Author: mihirmithani <mihirmithani123@gmail.com>
Date:   Wed Jul 8 13:34:05 2026 +0530

    Assignment

commit bc98cce48f7db27fc9f8e5abe766e578f7e03b67
Author: mihirmithani <mihirmithani123@gmail.com>
Date:   Wed Jul 8 13:34:03 2026 +0530

    Assignment

commit c2292a773fdd427ba20e8c6d2bbbf668d09f258c
Author: mihirmithani <mihirmithani123@gmail.com>
Date:   Wed Jul 8 13:34:01 2026 +0530

    Assignment

commit cd17b6b5337866b39c1d965a9fb7d8b221ff8a35
Author: mihirmithani <mihirmithani123@gmail.com>
Date:   Wed Jul 8 13:33:59 2026 +0530

    Assignment

commit 820d7a8ebfd01b1b0126fd8961125f22fd473d5c
Author: mihirmithani <mihirmithani123@gmail.com>
Date:   Wed Jul 8 13:33:57 2026 +0530

    Assignment

commit b9e97160a214718b036171fd46cf602712b24d60
Author: mihirmithani <mihirmithani123@gmail.com>
Date:   Wed Jul 8 13:33:55 2026 +0530

    Assignment

commit 206a31ed3b855b5c693ee5e3a66309ce7615dd7d
Author: mihirmithani <mihirmithani123@gmail.com>
Date:   Wed Jul 8 13:33:53 2026 +0530

    Assignment

commit 5f70dbdb3a85f251e7fe831b67eaf56f3c98a3cb
Author: mihirmithani <mihirmithani123@gmail.com>
Date:   Wed Jul 8 13:33:52 2026 +0530

    Assignment

commit fec12a657310e009598e99a38c0b5398ed631321
Author: mihirmithani <mihirmithani123@gmail.com>
Date:   Wed Jul 8 13:33:50 2026 +0530

    Assignment

commit fdc8e1be5da56e42be0550bf66cf2cdd5053afbe
Author: mihirmithani <mihirmithani123@gmail.com>
Date:   Wed Jul 8 13:33:48 2026 +0530

    Assignment

commit c72ad3da1e24a33417abbb4488d5d57488de07e5
Author: mihirmithani <mihirmithani123@gmail.com>
Date:   Wed Jul 8 13:33:46 2026 +0530

    Assignment

commit c791376cef3d48786c790e7bc296e23667bc7ca4
Author: mihirmithani <mihirmithani123@gmail.com>
Date:   Wed Jul 8 13:33:44 2026 +0530

    Assignment

commit 69c6abe1a3cecdcb03f4e4d4dcf1cfe2d0b22b26
Author: mihirmithani <mihirmithani123@gmail.com>
Date:   Wed Jul 8 13:33:42 2026 +0530

    Assignment

commit 414d82660274fcb5e1a64f9b34ff6840102bfc78
Author: mihirmithani <mihirmithani123@gmail.com>
Date:   Wed Jul 8 13:33:40 2026 +0530

    Assignment

commit 97dfa59463e5cb32905fda6e3436e4a85161a45c
Author: mihirmithani <mihirmithani123@gmail.com>
Date:   Wed Jul 8 13:33:39 2026 +0530

    Assignment

commit 512ad21718e56feb9adca755ca62567c5ffdc4db
Author: mihirmithani <mihirmithani123@gmail.com>
Date:   Wed Jul 8 13:33:37 2026 +0530

    Assignment

commit e262304613ea7ccf639ae5083bda5b871edfaaf2
Author: mihirmithani <mihirmithani123@gmail.com>
Date:   Wed Jul 8 13:33:35 2026 +0530

    Assignment

commit 1eeaf9709a4580e5c266d09f6f5aa41eb98857b4
Author: mihirmithani <mihirmithani123@gmail.com>
Date:   Wed Jul 8 13:33:33 2026 +0530

    Assignment

commit d39efcbb310637932622e64e1ffc60d8e2148213
Author: mihirmithani <mihirmithani123@gmail.com>
Date:   Wed Jul 8 13:33:31 2026 +0530

    Assignment

commit 0e78f059b3b5e25fe239f4390329f392b3661390
Author: mihirmithani <mihirmithani123@gmail.com>
Date:   Wed Jul 8 13:33:29 2026 +0530

    Assignment

commit ac503a2a863288549277ea32ad0a50b7c5d44c1a
Author: mihirmithani <mihirmithani123@gmail.com>
Date:   Wed Jul 8 13:33:28 2026 +0530

    Assignment

commit 111dcd078092d1ca19e97109c7d85a990717bc41
Author: mihirmithani <mihirmithani123@gmail.com>
Date:   Wed Jul 8 13:33:26 2026 +0530

    Assignment

commit b1d4f02e8a2cea79030b8752b368abd781ac55e6
Author: mihirmithani <mihirmithani123@gmail.com>
Date:   Wed Jul 8 13:33:24 2026 +0530

    Assignment

commit d46246fc6ee06bccd7dc54e238e368b50ccee0f4
Author: mihirmithani <mihirmithani123@gmail.com>
Date:   Wed Jul 8 13:33:22 2026 +0530

    Assignment

commit 10c69c67f6b1011f51f575f871b072c54871e417
Author: mihirmithani <mihirmithani123@gmail.com>
Date:   Wed Jul 8 13:33:20 2026 +0530

    Assignment

commit c7b969903a6748e665d8e4f08be1f7e95d997f52
Author: mihirmithani <mihirmithani123@gmail.com>
Date:   Wed Jul 8 13:33:18 2026 +0530

    Assignment

commit d220e5f234904ae8a1c241754a7a4b89314bff57
Author: mihirmithani <mihirmithani123@gmail.com>
Date:   Wed Jul 8 13:33:16 2026 +0530

    Assignment

commit d8c5fd63791dbd031b5872ecbca596cb9a9f232b
Author: mihirmithani <mihirmithani123@gmail.com>
Date:   Wed Jul 8 13:33:14 2026 +0530

    Assignment

commit 3ab4b91e8e2f041cb3c4b6d63d14614b38bdc503
Author: mihirmithani <mihirmithani123@gmail.com>
Date:   Wed Jul 8 13:33:12 2026 +0530

    Assignment

commit d5e228f5b0711f344aa4afa105170cd87e00c5be
Author: mihirmithani <mihirmithani123@gmail.com>
Date:   Wed Jul 8 13:33:10 2026 +0530

    Assignment

commit cd76b36c63a6f3764123c397bcbb9c4a9c8aebfb
Author: mihirmithani <mihirmithani123@gmail.com>
Date:   Wed Jul 8 13:33:08 2026 +0530

    Assignment

commit 1637601a4522179e52646e14556a254c7e258a2a
Author: mihirmithani <mihirmithani123@gmail.com>
Date:   Wed Jul 8 13:33:06 2026 +0530

    Assignment

commit 3e5d3ec2830cf00470e5d3e2c21ef1eac82a96ab
Author: mihirmithani <mihirmithani123@gmail.com>
Date:   Wed Jul 8 13:33:05 2026 +0530

    Assignment

commit e3d7dcacf1f7036c638ad884ba8f7e6d8f3d6abc
Author: mihirmithani <mihirmithani123@gmail.com>
Date:   Wed Jul 8 13:33:03 2026 +0530

    Assignment

commit df84bd0f9261b024b34be50a1ff7e4311faaf12d
Author: mihirmithani <mihirmithani123@gmail.com>
Date:   Wed Jul 8 13:33:01 2026 +0530

    Assignment

commit cdbd3362c46d018e14fdf9ee6fb6ee7f90634134
Author: mihirmithani <mihirmithani123@gmail.com>
Date:   Wed Jul 8 13:32:59 2026 +0530

    Assignment

commit 5db647dfa0f3a00f678bdf21f5c0eec1729169fc
Author: mihirmithani <mihirmithani123@gmail.com>
Date:   Wed Jul 8 13:32:57 2026 +0530

    Assignment

commit 99a1bfccf4e12a85e86238f8efa58da388f7e46b
Author: mihirmithani <mihirmithani123@gmail.com>
Date:   Wed Jul 8 13:32:55 2026 +0530

    Assignment

commit 19d1caabae9acbbdcc28442a653f50cdbf5cbb72
Author: mihirmithani <mihirmithani123@gmail.com>
Date:   Wed Jul 8 13:32:54 2026 +0530

    Assignment

commit 4bd74902ce22b42634c62eacf5501a6cd856df90
Author: mihirmithani <mihirmithani123@gmail.com>
Date:   Wed Jul 8 13:32:52 2026 +0530

    Assignment

commit 4a37a8a83e3c5ade539f69a855c0c58dab9724ee
Author: mihirmithani <mihirmithani123@gmail.com>
Date:   Wed Jul 8 13:32:50 2026 +0530

    Assignment

commit a456a6baf476dc596536acdd71ab27cc0989538b
Author: mihirmithani <mihirmithani123@gmail.com>
Date:   Wed Jul 8 13:32:48 2026 +0530

    Assignment

commit 2b261100d04f816b99b52e1b390f3d5c5f9e07c0
Author: mihirmithani <mihirmithani123@gmail.com>
Date:   Wed Jul 8 13:32:46 2026 +0530

    Assignment

commit 1ecada4f50c08f62fdcc86d67677ce5cd3b0b98d
Author: mihirmithani <mihirmithani123@gmail.com>
Date:   Wed Jul 8 13:32:44 2026 +0530

    Assignment

commit 458f0a95d971e61fe60ccec74e13841c35fdaefd
Author: mihirmithani <mihirmithani123@gmail.com>
Date:   Wed Jul 8 13:32:42 2026 +0530

    Assignment

commit 12bbb191afd4899eef97de29552d136e5f267f4c
Author: mihirmithani <mihirmithani123@gmail.com>
Date:   Wed Jul 8 13:32:40 2026 +0530

    Assignment

commit ff3be5687ed9a5b738ac52875e8bdf3d830b1da0
Author: mihirmithani <mihirmithani123@gmail.com>
Date:   Wed Jul 8 13:32:38 2026 +0530

    Assignment

commit 252e01605bce07b858b7e5fb216a6487ea2ad7a5
Author: mihirmithani <mihirmithani123@gmail.com>
Date:   Wed Jul 8 13:32:36 2026 +0530

    Assignment

commit fd71445e7743cece59c9a6802441538dacf17834
Author: mihirmithani <mihirmithani123@gmail.com>
Date:   Wed Jul 8 13:32:34 2026 +0530

    Assignment

commit c7650669bb356628846bb94fb9eaa1a60b5b0b6c
Author: mihirmithani <mihirmithani123@gmail.com>
Date:   Wed Jul 8 13:32:32 2026 +0530

    Assignment

commit 6f5b3b4ea986c60d90d452b9f097692a6049a531
Author: mihirmithani <mihirmithani123@gmail.com>
Date:   Wed Jul 8 13:32:30 2026 +0530

    Assignment

commit 7591a1f605b6227cdccee12ce8596f9b50051ab7
Author: mihirmithani <mihirmithani123@gmail.com>
Date:   Wed Jul 8 13:32:28 2026 +0530

    Assignment

commit 98ef877293c9fa1be9ed02f05ff72d71ef5a7bc7
Author: mihirmithani <mihirmithani123@gmail.com>
Date:   Wed Jul 8 13:32:27 2026 +0530

    Assignment

commit f3e76d0df3df6f79f8ffa10ea9311b1162f7f9f9
Author: mihirmithani <mihirmithani123@gmail.com>
Date:   Wed Jul 8 13:32:25 2026 +0530

    Assignment

commit f6790ef3d308371d8234a74c48af21f18607b89c
Author: mihirmithani <mihirmithani123@gmail.com>
Date:   Wed Jul 8 13:32:23 2026 +0530

    Assignment

commit ba0ebe4185a8165f7be4406576822d7f0f171070
Author: mihirmithani <mihirmithani123@gmail.com>
Date:   Wed Jul 8 13:32:21 2026 +0530

    Assignment

commit 06303b6349a6fba78705785fea87097c105c3944
Author: mihirmithani <mihirmithani123@gmail.com>
Date:   Wed Jul 8 13:32:19 2026 +0530

    Assignment

commit 389b3e2456c59537c4e2b7b57be831a62d1e4a3d
Author: mihirmithani <mihirmithani123@gmail.com>
Date:   Wed Jul 8 11:16:44 2026 +0530

    Assignment

commit cc391195f433b55714a1bf6333ed86a95eb96c24
Author: mihirmithani <mihirmithani123@gmail.com>
Date:   Wed Jul 8 11:16:02 2026 +0530

    Assignment

commit 015e428ebd54c854bbf891cff758ad6dd78e6a27
Author: mihirmithani <mihirmithani123@gmail.com>
Date:   Wed Jul 8 11:15:46 2026 +0530

    Assignment

commit 1c06ae7555fc0654facc43e9a45773158278892c
Author: mihirmithani <mihirmithani123@gmail.com>
Date:   Wed Jul 8 10:51:26 2026 +0530

    Assignment

commit 424b01915154a73e772f62ea0b889d5cfb353cfa
Author: mihirmithani <mihirmithani123@gmail.com>
Date:   Wed Jul 8 10:49:40 2026 +0530

    Assignment

commit d3d7a304787b8600b43cbdc975ca6ac3f72ae341
Author: mihirmithani <mihirmithani123@gmail.com>
Date:   Wed Jul 8 10:49:38 2026 +0530

    Assignment

commit fa2d422908a28cd83253dd24f38c0a7bc229e17a
Author: mihirmithani <mihirmithani123@gmail.com>
Date:   Wed Jul 8 10:49:36 2026 +0530

    Assignment

commit a8604ef28f15933328a298bfb72d1bf0bfee789b
Author: mihirmithani <mihirmithani123@gmail.com>
Date:   Wed Jul 8 10:49:34 2026 +0530

    Assignment

commit ca286b791bbd24636ed137f2bd10e5589e502649
Author: mihirmithani <mihirmithani123@gmail.com>
Date:   Wed Jul 8 10:49:32 2026 +0530

    Assignment

commit 6e00913901dc559461d9fee51a6401f836303d1c
Author: mihirmithani <mihirmithani123@gmail.com>
Date:   Wed Jul 8 10:49:30 2026 +0530

    Assignment

commit 4df7da7dbad17225e8bef8c3cf625edff0502b33
Author: mihirmithani <mihirmithani123@gmail.com>
Date:   Wed Jul 8 10:49:28 2026 +0530

    Assignment

commit 1186a6ab9f4742e916cdd196579caa287a06ec3b
Author: mihirmithani <mihirmithani123@gmail.com>
Date:   Wed Jul 8 10:49:26 2026 +0530

    Assignment

commit 70a1c2c9028bd0008e8884a090480a352b7f7820
Author: mihirmithani <mihirmithani123@gmail.com>
Date:   Wed Jul 8 10:49:24 2026 +0530

    Assignment

commit a287ad67bcc3a0915b5e5444605f3fc82c17b322
Author: mihirmithani <mihirmithani123@gmail.com>
Date:   Wed Jul 8 10:47:16 2026 +0530

    Assignment

commit 23e35f50e6537c0b7677b485796704cd0765f0c0
Author: mihirmithani <mihirmithani123@gmail.com>
Date:   Tue Jul 7 17:41:27 2026 +0530

    Commit Logs

commit 93c006ca766bb6bc96b527a8893189e5367676cc
Author: mihirmithani <mihirmithani123@gmail.com>
Date:   Tue Jul 7 17:38:44 2026 +0530

    Assignment BackUp

commit 8d9970a07fe85cc6a1de1b753cf30b9e85997e58
Author: mihirmithani <mihirmithani123@gmail.com>
Date:   Tue Jul 7 17:38:19 2026 +0530

    Assignment

commit ba222c5ca52a4602fc6063c08e1ebed04c1ea022
Author: mihirmithani <mihirmithani123@gmail.com>
Date:   Mon Jul 6 17:00:30 2026 +0530

    Assignment

commit 8a8c5d8fb92d88da6fd694ab87e3626eba1386c6
Author: mihirmithani <mihirmithani123@gmail.com>
Date:   Mon Jul 6 16:59:00 2026 +0530

    Assignment

commit 3f2a307b2cef1bda9904dd38deffd878c4d5030c
Author: mihirmithani <mihirmithani123@gmail.com>
Date:   Mon Jul 6 11:23:01 2026 +0530

    Functions

commit 78f4a3b6684ad2d456f684d5ddd6b16ca73f8533
Author: mihirmithani <mihirmithani123@gmail.com>
Date:   Mon Jul 6 11:08:01 2026 +0530

    Functions

commit f6dac5fe5481213ee4d04b31105dfbaa7f7196a0
Author: mihirmithani <mihirmithani123@gmail.com>
Date:   Mon Jul 6 10:56:49 2026 +0530

    Reading from csv

commit f18a4c8516605a244b0fdc9bfd8ef6dbc9c00215
Author: mihirmithani <mihirmithani123@gmail.com>
Date:   Mon Jul 6 10:56:22 2026 +0530

    Readme

commit 7ec0fa8d1fe0eb95b288ef8ceb1c4c18397fdfeb
Author: mihirmithani <mihirmithani123@gmail.com>
Date:   Mon Jul 6 10:20:37 2026 +0530

    infinite loops

commit f6f37d35af74f2dc82b299ef2a7ec78e142008f6
Author: mihirmithani <mihirmithani123@gmail.com>
Date:   Mon Jul 6 10:19:24 2026 +0530

    infinite loops

commit 01e91e31f2f8f88dcd8ddee086f1c518d7481c93
Author: mihirmithani <mihirmithani123@gmail.com>
Date:   Tue Jun 30 13:31:26 2026 +0530

    Until Loop

commit 1a561428a2bf11e273fa62c83036d3db74d9cb6d
Author: mihirmithani <mihirmithani123@gmail.com>
Date:   Tue Jun 30 13:31:07 2026 +0530

    While Loop

commit 26f1673375bdc25956005fa9a6a4d3e0068d7dbd
Author: mihirmithani <mihirmithani123@gmail.com>
Date:   Tue Jun 30 13:16:58 2026 +0530

    Getting values from file of system

commit b172d4715fa49b672948ac8fbdca6cac1130e31d
Author: mihirmithani <mihirmithani123@gmail.com>
Date:   Tue Jun 30 11:01:57 2026 +0530

    For Loops

commit bfbf20059f86390038269f426ff62cab416c76e1
Author: mihirmithani <mihirmithani123@gmail.com>
Date:   Tue Jun 30 10:53:13 2026 +0530

    Shorthand of if-else

commit d823a91673cd4c4bffe0b8aa3b2e6b9fafc4b56a
Author: mihirmithani <mihirmithani123@gmail.com>
Date:   Fri Jun 26 16:30:30 2026 +0530

    Variables

commit 4b22f981840810713d8af98b7a234fcc63a728b2
Author: mihirmithani <mihirmithani123@gmail.com>
Date:   Fri Jun 26 16:07:34 2026 +0530

    Logical Operator

commit f7793c5d7c8239c6ce2efb836e2e4f75836918ed
Author: mihirmithani <mihirmithani123@gmail.com>
Date:   Fri Jun 26 15:52:46 2026 +0530

    Switch Case

commit 00fc782b2d10e6bcb4ccc2086688c9a79a816da0
Author: mihirmithani <mihirmithani123@gmail.com>
Date:   Wed Jun 24 17:07:34 2026 +0530

    README.md

commit 937c78c9f266c24ef36639d648b2cda81b5bf90f
Author: mihirmithani <mihirmithani123@gmail.com>
Date:   Wed Jun 24 16:11:52 2026 +0530

    Conditional Statement

commit df1c63c7f512bd5b665c414b11f8d8d47e8ed314
Author: mihirmithani <mihirmithani123@gmail.com>
Date:   Wed Jun 24 12:08:30 2026 +0530

    Calculator

commit 615a88e9fde3b93073446da44bfc9073e2b9a6a5
Author: mihirmithani <mihirmithani123@gmail.com>
Date:   Wed Jun 24 12:03:41 2026 +0530

    Arithmetics Operations

commit 83fe3dbf9cec3b0d15a3537095456968b98ca7cf
Author: mihirmithani <mihirmithani123@gmail.com>
Date:   Wed Jun 24 12:00:08 2026 +0530

    Arithmetics Operations

commit 75a654cdc187b493515b45f064b3c9fe491db944
Author: mihirmithani <mihirmithani123@gmail.com>
Date:   Wed Jun 24 11:59:32 2026 +0530

    User Interactions

commit 5b2828175b05b68e4bb94234ce220d621f324165
Author: mihirmithani <mihirmithani123@gmail.com>
Date:   Wed Jun 24 11:10:11 2026 +0530

    Replace and Slicing

commit 748c24db2547257202de7878247284d3a299203c
Author: mihirmithani <mihirmithani123@gmail.com>
Date:   Wed Jun 24 10:38:29 2026 +0530

    README.md

commit cda61f5eebd18b54e5b5d0a5d492078369404bfc
Author: mihirmithani <mihirmithani123@gmail.com>
Date:   Wed Jun 24 10:34:35 2026 +0530

    UpperCase and LowerCase

commit 6b212284f4c1abf6cd28c535bc6873a8c865e4a9
Author: mihirmithani <mihirmithani123@gmail.com>
Date:   Tue Jun 23 12:06:02 2026 +0530

    Readme.md

commit 54add1256a728cc88f98533a249756ad539e15b2
Author: mihirmithani <mihirmithani123@gmail.com>
Date:   Tue Jun 23 11:59:35 2026 +0530

    Strings

commit 3db466919d4bb174cc4a02dcd3c5f309da72fc93
Author: MIHIR MITHANI <157868082+Mihir-Mithani@users.noreply.github.com>
Date:   Tue Jun 23 11:51:03 2026 +0530

    Add Shell Scripting section to README

commit 1baa79cbb8943ab8e17153bd7676fc90e6c945eb
Author: mihirmithani <mihirmithani123@gmail.com>
Date:   Tue Jun 23 11:46:07 2026 +0530

    Scripts
